../Drivers/STM32WBxx_HAL_Driver/Inc/stm32wbxx_ll_rcc.h:1679:22:LL_RCC_LSE_SetDriveCapability	16	static
../Drivers/STM32WBxx_HAL_Driver/Inc/stm32wbxx_ll_bus.h:539:22:LL_AHB2_GRP1_EnableClock	24	static
../Core/Src/main.c:86:5:main	8	static
../Core/Src/main.c:151:6:SystemClock_Config	112	static
../Core/Src/main.c:219:6:PeriphCommonClock_Config	88	static
../Core/Src/main.c:252:13:MX_ADC1_Init	32	static
../Core/Src/main.c:310:13:MX_IPCC_Init	8	static
../Core/Src/main.c:336:13:MX_RF_Init	4	static
../Core/Src/main.c:357:13:MX_RTC_Init	8	static
../Core/Src/main.c:393:13:MX_USART1_UART_Init	8	static
../Core/Src/main.c:441:13:MX_USB_PCD_Init	8	static
../Core/Src/main.c:474:13:MX_GPIO_Init	32	static
../Core/Src/main.c:514:6:HAL_ADC_ConvCpltCallback	16	static
../Core/Src/main.c:518:6:ADC_SEQ_Proc	32	static
../Core/Src/main.c:538:6:Error_Handler	4	static,ignoring_inline_asm
