../../../../../../../Drivers/STM32WBxx_HAL_Driver/Inc/stm32wbxx_ll_pwr.h:1663:22:LL_C2_PWR_SetPowerMode	16	static
../../../../../../../Drivers/STM32WBxx_HAL_Driver/Inc/stm32wbxx_ll_exti.h:391:22:LL_EXTI_EnableIT_32_63	16	static
../../../../../../../Drivers/STM32WBxx_HAL_Driver/Inc/stm32wbxx_ll_exti.h:417:22:LL_C2_EXTI_EnableIT_32_63	16	static
../../../../../../../Drivers/STM32WBxx_HAL_Driver/Inc/stm32wbxx_ll_rcc.h:2349:22:LL_RCC_SetClkAfterWakeFromStop	16	static
/home/lazar/Documents/STM32Cube_FW_WB_V1.19.0_DongleClient/Projects/P-NUCLEO-WB55.USBDongle/Applications/Zigbee/Zigbee_OnOff_Client_Router/Core/Src/app_entry.c:93:6:APPE_Init	8	static
/home/lazar/Documents/STM32Cube_FW_WB_V1.19.0_DongleClient/Projects/P-NUCLEO-WB55.USBDongle/Applications/Zigbee/Zigbee_OnOff_Client_Router/Core/Src/app_entry.c:124:13:Init_Debug	8	static
/home/lazar/Documents/STM32Cube_FW_WB_V1.19.0_DongleClient/Projects/P-NUCLEO-WB55.USBDongle/Applications/Zigbee/Zigbee_OnOff_Client_Router/Core/Src/app_entry.c:174:13:SystemPower_Config	8	static
/home/lazar/Documents/STM32Cube_FW_WB_V1.19.0_DongleClient/Projects/P-NUCLEO-WB55.USBDongle/Applications/Zigbee/Zigbee_OnOff_Client_Router/Core/Src/app_entry.c:197:13:appe_Tl_Init	40	static
/home/lazar/Documents/STM32Cube_FW_WB_V1.19.0_DongleClient/Projects/P-NUCLEO-WB55.USBDongle/Applications/Zigbee/Zigbee_OnOff_Client_Router/Core/Src/app_entry.c:224:13:APPE_SysStatusNot	16	static
/home/lazar/Documents/STM32Cube_FW_WB_V1.19.0_DongleClient/Projects/P-NUCLEO-WB55.USBDongle/Applications/Zigbee/Zigbee_OnOff_Client_Router/Core/Src/app_entry.c:246:13:APPE_SysUserEvtRx	24	static
/home/lazar/Documents/STM32Cube_FW_WB_V1.19.0_DongleClient/Projects/P-NUCLEO-WB55.USBDongle/Applications/Zigbee/Zigbee_OnOff_Client_Router/Core/Src/app_entry.c:271:13:APPE_SysEvtError	16	static
/home/lazar/Documents/STM32Cube_FW_WB_V1.19.0_DongleClient/Projects/P-NUCLEO-WB55.USBDongle/Applications/Zigbee/Zigbee_OnOff_Client_Router/Core/Src/app_entry.c:285:13:APPE_SysEvtReadyProcessing	8	static
/home/lazar/Documents/STM32Cube_FW_WB_V1.19.0_DongleClient/Projects/P-NUCLEO-WB55.USBDongle/Applications/Zigbee/Zigbee_OnOff_Client_Router/Core/Src/app_entry.c:296:13:Led_Init	8	static
/home/lazar/Documents/STM32Cube_FW_WB_V1.19.0_DongleClient/Projects/P-NUCLEO-WB55.USBDongle/Applications/Zigbee/Zigbee_OnOff_Client_Router/Core/Src/app_entry.c:312:13:Button_Init	8	static
/home/lazar/Documents/STM32Cube_FW_WB_V1.19.0_DongleClient/Projects/P-NUCLEO-WB55.USBDongle/Applications/Zigbee/Zigbee_OnOff_Client_Router/Core/Src/app_entry.c:330:6:UTIL_SEQ_Idle	4	static
/home/lazar/Documents/STM32Cube_FW_WB_V1.19.0_DongleClient/Projects/P-NUCLEO-WB55.USBDongle/Applications/Zigbee/Zigbee_OnOff_Client_Router/Core/Src/app_entry.c:345:6:UTIL_SEQ_EvtIdle	16	static
/home/lazar/Documents/STM32Cube_FW_WB_V1.19.0_DongleClient/Projects/P-NUCLEO-WB55.USBDongle/Applications/Zigbee/Zigbee_OnOff_Client_Router/Core/Src/app_entry.c:368:6:shci_notify_asynch_evt	16	static
/home/lazar/Documents/STM32Cube_FW_WB_V1.19.0_DongleClient/Projects/P-NUCLEO-WB55.USBDongle/Applications/Zigbee/Zigbee_OnOff_Client_Router/Core/Src/app_entry.c:375:6:shci_cmd_resp_release	16	static
/home/lazar/Documents/STM32Cube_FW_WB_V1.19.0_DongleClient/Projects/P-NUCLEO-WB55.USBDongle/Applications/Zigbee/Zigbee_OnOff_Client_Router/Core/Src/app_entry.c:382:6:shci_cmd_resp_wait	16	static
/home/lazar/Documents/STM32Cube_FW_WB_V1.19.0_DongleClient/Projects/P-NUCLEO-WB55.USBDongle/Applications/Zigbee/Zigbee_OnOff_Client_Router/Core/Src/app_entry.c:390:6:TL_TRACES_EvtReceived	16	static
/home/lazar/Documents/STM32Cube_FW_WB_V1.19.0_DongleClient/Projects/P-NUCLEO-WB55.USBDongle/Applications/Zigbee/Zigbee_OnOff_Client_Router/Core/Src/app_entry.c:407:6:DbgOutputInit	8	static
/home/lazar/Documents/STM32Cube_FW_WB_V1.19.0_DongleClient/Projects/P-NUCLEO-WB55.USBDongle/Applications/Zigbee/Zigbee_OnOff_Client_Router/Core/Src/app_entry.c:424:6:DbgOutputTraces	24	static
/home/lazar/Documents/STM32Cube_FW_WB_V1.19.0_DongleClient/Projects/P-NUCLEO-WB55.USBDongle/Applications/Zigbee/Zigbee_OnOff_Client_Router/Core/Src/app_entry.c:441:6:HAL_GPIO_EXTI_Callback	16	static
/home/lazar/Documents/STM32Cube_FW_WB_V1.19.0_DongleClient/Projects/P-NUCLEO-WB55.USBDongle/Applications/Zigbee/Zigbee_OnOff_Client_Router/Core/Src/app_entry.c:453:13:RxUART_Init	8	static
/home/lazar/Documents/STM32Cube_FW_WB_V1.19.0_DongleClient/Projects/P-NUCLEO-WB55.USBDongle/Applications/Zigbee/Zigbee_OnOff_Client_Router/Core/Src/app_entry.c:458:13:RxCpltCallback	8	static
/home/lazar/Documents/STM32Cube_FW_WB_V1.19.0_DongleClient/Projects/P-NUCLEO-WB55.USBDongle/Applications/Zigbee/Zigbee_OnOff_Client_Router/Core/Src/app_entry.c:483:13:UartCmdExecute	8	static
