/home/lazar/Documents/STM32Cube_FW_WB_V1.19.0_DongleClient/Projects/P-NUCLEO-WB55.USBDongle/Applications/Zigbee/Zigbee_OnOff_Client_Router/Core/Src/hw_uart.c:67:6:HW_UART_Receive_IT	24	static
/home/lazar/Documents/STM32Cube_FW_WB_V1.19.0_DongleClient/Projects/P-NUCLEO-WB55.USBDongle/Applications/Zigbee/Zigbee_OnOff_Client_Router/Core/Src/hw_uart.c:90:6:HW_UART_Transmit_IT	24	static
/home/lazar/Documents/STM32Cube_FW_WB_V1.19.0_DongleClient/Projects/P-NUCLEO-WB55.USBDongle/Applications/Zigbee/Zigbee_OnOff_Client_Router/Core/Src/hw_uart.c:113:13:HW_UART_Transmit	32	static
/home/lazar/Documents/STM32Cube_FW_WB_V1.19.0_DongleClient/Projects/P-NUCLEO-WB55.USBDongle/Applications/Zigbee/Zigbee_OnOff_Client_Router/Core/Src/hw_uart.c:161:13:HW_UART_Transmit_DMA	32	static
/home/lazar/Documents/STM32Cube_FW_WB_V1.19.0_DongleClient/Projects/P-NUCLEO-WB55.USBDongle/Applications/Zigbee/Zigbee_OnOff_Client_Router/Core/Src/hw_uart.c:213:6:HW_UART_Interrupt_Handler	16	static
/home/lazar/Documents/STM32Cube_FW_WB_V1.19.0_DongleClient/Projects/P-NUCLEO-WB55.USBDongle/Applications/Zigbee/Zigbee_OnOff_Client_Router/Core/Src/hw_uart.c:236:6:HW_UART_DMA_Interrupt_Handler	16	static
/home/lazar/Documents/STM32Cube_FW_WB_V1.19.0_DongleClient/Projects/P-NUCLEO-WB55.USBDongle/Applications/Zigbee/Zigbee_OnOff_Client_Router/Core/Src/hw_uart.c:259:6:HAL_UART_RxCpltCallback	16	static
/home/lazar/Documents/STM32Cube_FW_WB_V1.19.0_DongleClient/Projects/P-NUCLEO-WB55.USBDongle/Applications/Zigbee/Zigbee_OnOff_Client_Router/Core/Src/hw_uart.c:288:6:HAL_UART_TxCpltCallback	16	static
