../../../../../../../Drivers/STM32WBxx_HAL_Driver/Inc/stm32wbxx_ll_rcc.h:2859:22:LL_RCC_SetRTCClockSource	16	static
../../../../../../../Drivers/STM32WBxx_HAL_Driver/Inc/stm32wbxx_ll_rcc.h:2883:22:LL_RCC_EnableRTC	4	static
../../../../../../../Drivers/STM32WBxx_HAL_Driver/Inc/stm32wbxx_ll_rcc.h:2893:22:LL_RCC_DisableRTC	4	static
../../../../../../../Drivers/STM32WBxx_HAL_Driver/Inc/stm32wbxx_ll_bus.h:539:22:LL_AHB2_GRP1_EnableClock	24	static
../../../../../../../Drivers/STM32WBxx_HAL_Driver/Inc/stm32wbxx_ll_bus.h:744:22:LL_AHB3_GRP1_EnableClock	24	static
../../../../../../../Drivers/STM32WBxx_HAL_Driver/Inc/stm32wbxx_ll_bus.h:958:22:LL_APB1_GRP2_EnableClock	24	static
../../../../../../../Drivers/STM32WBxx_HAL_Driver/Inc/stm32wbxx_ll_bus.h:1053:22:LL_APB1_GRP2_DisableClock	16	static
../../../../../../../Drivers/STM32WBxx_HAL_Driver/Inc/stm32wbxx_ll_bus.h:1274:22:LL_APB2_GRP1_EnableClock	24	static
../../../../../../../Drivers/STM32WBxx_HAL_Driver/Inc/stm32wbxx_ll_bus.h:1328:22:LL_APB2_GRP1_DisableClock	16	static
/home/lazar/Documents/STM32Cube_FW_WB_V1.19.0_DongleClient/Projects/P-NUCLEO-WB55.USBDongle/Applications/Zigbee/Zigbee_OnOff_Client_Router/Core/Src/stm32wbxx_hal_msp.c:66:6:HAL_MspInit	8	static
/home/lazar/Documents/STM32Cube_FW_WB_V1.19.0_DongleClient/Projects/P-NUCLEO-WB55.USBDongle/Applications/Zigbee/Zigbee_OnOff_Client_Router/Core/Src/stm32wbxx_hal_msp.c:110:6:HAL_UART_MspInit	40	static
/home/lazar/Documents/STM32Cube_FW_WB_V1.19.0_DongleClient/Projects/P-NUCLEO-WB55.USBDongle/Applications/Zigbee/Zigbee_OnOff_Client_Router/Core/Src/stm32wbxx_hal_msp.c:221:6:HAL_UART_MspDeInit	16	static
/home/lazar/Documents/STM32Cube_FW_WB_V1.19.0_DongleClient/Projects/P-NUCLEO-WB55.USBDongle/Applications/Zigbee/Zigbee_OnOff_Client_Router/Core/Src/stm32wbxx_hal_msp.c:281:6:HAL_RTC_MspInit	16	static
/home/lazar/Documents/STM32Cube_FW_WB_V1.19.0_DongleClient/Projects/P-NUCLEO-WB55.USBDongle/Applications/Zigbee/Zigbee_OnOff_Client_Router/Core/Src/stm32wbxx_hal_msp.c:313:6:HAL_RTC_MspDeInit	16	static
