../STM32_WPAN/App/app_zigbee.c:127:6:APP_ZIGBEE_Init	16	static
../STM32_WPAN/App/app_zigbee.c:168:13:APP_ZIGBEE_StackLayersInit	8	static
../STM32_WPAN/App/app_zigbee.c:200:13:APP_ZIGBEE_ConfigEndpoints	48	static
../STM32_WPAN/App/app_zigbee.c:228:13:APP_ZIGBEE_NwkForm	496	static
../STM32_WPAN/App/app_zigbee.c:297:13:ZbStartupWaitCb	24	static
../STM32_WPAN/App/app_zigbee.c:306:20:ZbStartupWait	24	static
../STM32_WPAN/App/app_zigbee.c:338:6:APP_ZIGBEE_Error	16	static
../STM32_WPAN/App/app_zigbee.c:361:13:APP_ZIGBEE_TraceError	24	static
../STM32_WPAN/App/app_zigbee.c:375:13:APP_ZIGBEE_CheckWirelessFirmwareInfo	104	static
../STM32_WPAN/App/app_zigbee.c:448:6:APP_ZIGBEE_RegisterCmdBuffer	16	static
../STM32_WPAN/App/app_zigbee.c:453:24:ZIGBEE_Get_OTCmdPayloadBuffer	4	static
../STM32_WPAN/App/app_zigbee.c:458:24:ZIGBEE_Get_OTCmdRspPayloadBuffer	4	static
../STM32_WPAN/App/app_zigbee.c:463:24:ZIGBEE_Get_NotificationPayloadBuffer	4	static
../STM32_WPAN/App/app_zigbee.c:468:24:ZIGBEE_Get_M0RequestPayloadBuffer	4	static
../STM32_WPAN/App/app_zigbee.c:479:6:ZIGBEE_CmdTransfer	16	static
../STM32_WPAN/App/app_zigbee.c:502:6:TL_ZIGBEE_CmdEvtReceived	16	static
../STM32_WPAN/App/app_zigbee.c:516:6:TL_ZIGBEE_NotReceived	16	static
../STM32_WPAN/App/app_zigbee.c:531:6:Pre_ZigbeeCmdProcessing	8	static
../STM32_WPAN/App/app_zigbee.c:542:13:Wait_Getting_Ack_From_M0	8	static
../STM32_WPAN/App/app_zigbee.c:554:13:Receive_Ack_From_M0	8	static
../STM32_WPAN/App/app_zigbee.c:565:13:Receive_Notification_From_M0	8	static
../STM32_WPAN/App/app_zigbee.c:577:6:TL_ZIGBEE_M0RequestReceived	16	static
../STM32_WPAN/App/app_zigbee.c:590:6:APP_ZIGBEE_TL_INIT	8	static
../STM32_WPAN/App/app_zigbee.c:603:13:APP_ZIGBEE_ProcessNotifyM0ToM4	8	static
../STM32_WPAN/App/app_zigbee.c:618:13:APP_ZIGBEE_ProcessRequestM0ToM4	8	static
../STM32_WPAN/App/app_zigbee.c:629:5:updateAttr	24	static
