/home/lazar/Documents/STM32Cube_FW_WB_V1.19.0_DongleClient/Projects/P-NUCLEO-WB55.USBDongle/Applications/Zigbee/Zigbee_OnOff_Client_Router/STM32_WPAN/App/app_zigbee.c:115:6:readTemp_cb	24	static
/home/lazar/Documents/STM32Cube_FW_WB_V1.19.0_DongleClient/Projects/P-NUCLEO-WB55.USBDongle/Applications/Zigbee/Zigbee_OnOff_Client_Router/STM32_WPAN/App/app_zigbee.c:133:6:readTemp	56	static
/home/lazar/Documents/STM32Cube_FW_WB_V1.19.0_DongleClient/Projects/P-NUCLEO-WB55.USBDongle/Applications/Zigbee/Zigbee_OnOff_Client_Router/STM32_WPAN/App/app_zigbee.c:170:6:APP_ZIGBEE_Init	16	static
/home/lazar/Documents/STM32Cube_FW_WB_V1.19.0_DongleClient/Projects/P-NUCLEO-WB55.USBDongle/Applications/Zigbee/Zigbee_OnOff_Client_Router/STM32_WPAN/App/app_zigbee.c:211:13:APP_ZIGBEE_StackLayersInit	8	static
/home/lazar/Documents/STM32Cube_FW_WB_V1.19.0_DongleClient/Projects/P-NUCLEO-WB55.USBDongle/Applications/Zigbee/Zigbee_OnOff_Client_Router/STM32_WPAN/App/app_zigbee.c:242:13:APP_ZIGBEE_ConfigEndpoints	40	static
/home/lazar/Documents/STM32Cube_FW_WB_V1.19.0_DongleClient/Projects/P-NUCLEO-WB55.USBDongle/Applications/Zigbee/Zigbee_OnOff_Client_Router/STM32_WPAN/App/app_zigbee.c:270:13:APP_ZIGBEE_NwkForm	496	static
/home/lazar/Documents/STM32Cube_FW_WB_V1.19.0_DongleClient/Projects/P-NUCLEO-WB55.USBDongle/Applications/Zigbee/Zigbee_OnOff_Client_Router/STM32_WPAN/App/app_zigbee.c:343:13:ZbStartupWaitCb	24	static
/home/lazar/Documents/STM32Cube_FW_WB_V1.19.0_DongleClient/Projects/P-NUCLEO-WB55.USBDongle/Applications/Zigbee/Zigbee_OnOff_Client_Router/STM32_WPAN/App/app_zigbee.c:352:20:ZbStartupWait	24	static
/home/lazar/Documents/STM32Cube_FW_WB_V1.19.0_DongleClient/Projects/P-NUCLEO-WB55.USBDongle/Applications/Zigbee/Zigbee_OnOff_Client_Router/STM32_WPAN/App/app_zigbee.c:384:6:APP_ZIGBEE_Error	16	static
/home/lazar/Documents/STM32Cube_FW_WB_V1.19.0_DongleClient/Projects/P-NUCLEO-WB55.USBDongle/Applications/Zigbee/Zigbee_OnOff_Client_Router/STM32_WPAN/App/app_zigbee.c:407:13:APP_ZIGBEE_TraceError	24	static
/home/lazar/Documents/STM32Cube_FW_WB_V1.19.0_DongleClient/Projects/P-NUCLEO-WB55.USBDongle/Applications/Zigbee/Zigbee_OnOff_Client_Router/STM32_WPAN/App/app_zigbee.c:421:13:APP_ZIGBEE_CheckWirelessFirmwareInfo	104	static
/home/lazar/Documents/STM32Cube_FW_WB_V1.19.0_DongleClient/Projects/P-NUCLEO-WB55.USBDongle/Applications/Zigbee/Zigbee_OnOff_Client_Router/STM32_WPAN/App/app_zigbee.c:494:6:APP_ZIGBEE_RegisterCmdBuffer	16	static
/home/lazar/Documents/STM32Cube_FW_WB_V1.19.0_DongleClient/Projects/P-NUCLEO-WB55.USBDongle/Applications/Zigbee/Zigbee_OnOff_Client_Router/STM32_WPAN/App/app_zigbee.c:499:24:ZIGBEE_Get_OTCmdPayloadBuffer	4	static
/home/lazar/Documents/STM32Cube_FW_WB_V1.19.0_DongleClient/Projects/P-NUCLEO-WB55.USBDongle/Applications/Zigbee/Zigbee_OnOff_Client_Router/STM32_WPAN/App/app_zigbee.c:504:24:ZIGBEE_Get_OTCmdRspPayloadBuffer	4	static
/home/lazar/Documents/STM32Cube_FW_WB_V1.19.0_DongleClient/Projects/P-NUCLEO-WB55.USBDongle/Applications/Zigbee/Zigbee_OnOff_Client_Router/STM32_WPAN/App/app_zigbee.c:509:24:ZIGBEE_Get_NotificationPayloadBuffer	4	static
/home/lazar/Documents/STM32Cube_FW_WB_V1.19.0_DongleClient/Projects/P-NUCLEO-WB55.USBDongle/Applications/Zigbee/Zigbee_OnOff_Client_Router/STM32_WPAN/App/app_zigbee.c:514:24:ZIGBEE_Get_M0RequestPayloadBuffer	4	static
/home/lazar/Documents/STM32Cube_FW_WB_V1.19.0_DongleClient/Projects/P-NUCLEO-WB55.USBDongle/Applications/Zigbee/Zigbee_OnOff_Client_Router/STM32_WPAN/App/app_zigbee.c:525:6:ZIGBEE_CmdTransfer	16	static
/home/lazar/Documents/STM32Cube_FW_WB_V1.19.0_DongleClient/Projects/P-NUCLEO-WB55.USBDongle/Applications/Zigbee/Zigbee_OnOff_Client_Router/STM32_WPAN/App/app_zigbee.c:548:6:TL_ZIGBEE_CmdEvtReceived	16	static
/home/lazar/Documents/STM32Cube_FW_WB_V1.19.0_DongleClient/Projects/P-NUCLEO-WB55.USBDongle/Applications/Zigbee/Zigbee_OnOff_Client_Router/STM32_WPAN/App/app_zigbee.c:562:6:TL_ZIGBEE_NotReceived	16	static
/home/lazar/Documents/STM32Cube_FW_WB_V1.19.0_DongleClient/Projects/P-NUCLEO-WB55.USBDongle/Applications/Zigbee/Zigbee_OnOff_Client_Router/STM32_WPAN/App/app_zigbee.c:577:6:Pre_ZigbeeCmdProcessing	8	static
/home/lazar/Documents/STM32Cube_FW_WB_V1.19.0_DongleClient/Projects/P-NUCLEO-WB55.USBDongle/Applications/Zigbee/Zigbee_OnOff_Client_Router/STM32_WPAN/App/app_zigbee.c:588:13:Wait_Getting_Ack_From_M0	8	static
/home/lazar/Documents/STM32Cube_FW_WB_V1.19.0_DongleClient/Projects/P-NUCLEO-WB55.USBDongle/Applications/Zigbee/Zigbee_OnOff_Client_Router/STM32_WPAN/App/app_zigbee.c:600:13:Receive_Ack_From_M0	8	static
/home/lazar/Documents/STM32Cube_FW_WB_V1.19.0_DongleClient/Projects/P-NUCLEO-WB55.USBDongle/Applications/Zigbee/Zigbee_OnOff_Client_Router/STM32_WPAN/App/app_zigbee.c:611:13:Receive_Notification_From_M0	8	static
/home/lazar/Documents/STM32Cube_FW_WB_V1.19.0_DongleClient/Projects/P-NUCLEO-WB55.USBDongle/Applications/Zigbee/Zigbee_OnOff_Client_Router/STM32_WPAN/App/app_zigbee.c:623:6:TL_ZIGBEE_M0RequestReceived	16	static
/home/lazar/Documents/STM32Cube_FW_WB_V1.19.0_DongleClient/Projects/P-NUCLEO-WB55.USBDongle/Applications/Zigbee/Zigbee_OnOff_Client_Router/STM32_WPAN/App/app_zigbee.c:636:6:APP_ZIGBEE_TL_INIT	8	static
/home/lazar/Documents/STM32Cube_FW_WB_V1.19.0_DongleClient/Projects/P-NUCLEO-WB55.USBDongle/Applications/Zigbee/Zigbee_OnOff_Client_Router/STM32_WPAN/App/app_zigbee.c:649:13:APP_ZIGBEE_ProcessNotifyM0ToM4	8	static
/home/lazar/Documents/STM32Cube_FW_WB_V1.19.0_DongleClient/Projects/P-NUCLEO-WB55.USBDongle/Applications/Zigbee/Zigbee_OnOff_Client_Router/STM32_WPAN/App/app_zigbee.c:664:13:APP_ZIGBEE_ProcessRequestM0ToM4	8	static
