/home/lazar/Documents/STM32Cube_FW_WB_V1.19.0_DongleClient/Utilities/sequencer/stm32_seq.c:181:6:UTIL_SEQ_Init	16	static
/home/lazar/Documents/STM32Cube_FW_WB_V1.19.0_DongleClient/Utilities/sequencer/stm32_seq.c:198:6:UTIL_SEQ_DeInit	4	static
/home/lazar/Documents/STM32Cube_FW_WB_V1.19.0_DongleClient/Utilities/sequencer/stm32_seq.c:208:6:UTIL_SEQ_Run	72	static,ignoring_inline_asm
/home/lazar/Documents/STM32Cube_FW_WB_V1.19.0_DongleClient/Utilities/sequencer/stm32_seq.c:324:6:UTIL_SEQ_RegTask	40	static,ignoring_inline_asm
/home/lazar/Documents/STM32Cube_FW_WB_V1.19.0_DongleClient/Utilities/sequencer/stm32_seq.c:336:6:UTIL_SEQ_SetTask	32	static,ignoring_inline_asm
/home/lazar/Documents/STM32Cube_FW_WB_V1.19.0_DongleClient/Utilities/sequencer/stm32_seq.c:348:10:UTIL_SEQ_IsSchedulableTask	40	static,ignoring_inline_asm
/home/lazar/Documents/STM32Cube_FW_WB_V1.19.0_DongleClient/Utilities/sequencer/stm32_seq.c:362:6:UTIL_SEQ_PauseTask	32	static,ignoring_inline_asm
/home/lazar/Documents/STM32Cube_FW_WB_V1.19.0_DongleClient/Utilities/sequencer/stm32_seq.c:373:10:UTIL_SEQ_IsPauseTask	32	static,ignoring_inline_asm
/home/lazar/Documents/STM32Cube_FW_WB_V1.19.0_DongleClient/Utilities/sequencer/stm32_seq.c:384:6:UTIL_SEQ_ResumeTask	32	static,ignoring_inline_asm
/home/lazar/Documents/STM32Cube_FW_WB_V1.19.0_DongleClient/Utilities/sequencer/stm32_seq.c:395:6:UTIL_SEQ_SetEvt	32	static,ignoring_inline_asm
/home/lazar/Documents/STM32Cube_FW_WB_V1.19.0_DongleClient/Utilities/sequencer/stm32_seq.c:406:6:UTIL_SEQ_ClrEvt	32	static,ignoring_inline_asm
/home/lazar/Documents/STM32Cube_FW_WB_V1.19.0_DongleClient/Utilities/sequencer/stm32_seq.c:417:6:UTIL_SEQ_WaitEvt	40	static,ignoring_inline_asm
/home/lazar/Documents/STM32Cube_FW_WB_V1.19.0_DongleClient/Utilities/sequencer/stm32_seq.c:470:15:UTIL_SEQ_IsEvtPend	16	static
/home/lazar/Documents/STM32Cube_FW_WB_V1.19.0_DongleClient/Utilities/sequencer/stm32_seq.c:476:13:UTIL_SEQ_EvtIdle	16	static
/home/lazar/Documents/STM32Cube_FW_WB_V1.19.0_DongleClient/Utilities/sequencer/stm32_seq.c:483:13:UTIL_SEQ_Idle	4	static
/home/lazar/Documents/STM32Cube_FW_WB_V1.19.0_DongleClient/Utilities/sequencer/stm32_seq.c:488:13:UTIL_SEQ_PreIdle	4	static
/home/lazar/Documents/STM32Cube_FW_WB_V1.19.0_DongleClient/Utilities/sequencer/stm32_seq.c:496:13:UTIL_SEQ_PostIdle	4	static
/home/lazar/Documents/STM32Cube_FW_WB_V1.19.0_DongleClient/Utilities/sequencer/stm32_seq.c:538:9:SEQ_BitPosition	24	static
