/home/lazar/Documents/STM32Cube_FW_WB_V1.19.0_DongleClient/Middlewares/ST/STM32_WPAN/interface/patterns/ble_thread/vcp/usbd_desc.c:109:10:USBD_VCP_DeviceDescriptor	16	static
/home/lazar/Documents/STM32Cube_FW_WB_V1.19.0_DongleClient/Middlewares/ST/STM32_WPAN/interface/patterns/ble_thread/vcp/usbd_desc.c:121:10:USBD_VCP_LangIDStrDescriptor	16	static
/home/lazar/Documents/STM32Cube_FW_WB_V1.19.0_DongleClient/Middlewares/ST/STM32_WPAN/interface/patterns/ble_thread/vcp/usbd_desc.c:133:10:USBD_VCP_ProductStrDescriptor	16	static
/home/lazar/Documents/STM32Cube_FW_WB_V1.19.0_DongleClient/Middlewares/ST/STM32_WPAN/interface/patterns/ble_thread/vcp/usbd_desc.c:145:10:USBD_VCP_ManufacturerStrDescriptor	16	static
/home/lazar/Documents/STM32Cube_FW_WB_V1.19.0_DongleClient/Middlewares/ST/STM32_WPAN/interface/patterns/ble_thread/vcp/usbd_desc.c:157:10:USBD_VCP_SerialStrDescriptor	16	static
/home/lazar/Documents/STM32Cube_FW_WB_V1.19.0_DongleClient/Middlewares/ST/STM32_WPAN/interface/patterns/ble_thread/vcp/usbd_desc.c:173:10:USBD_VCP_ConfigStrDescriptor	16	static
/home/lazar/Documents/STM32Cube_FW_WB_V1.19.0_DongleClient/Middlewares/ST/STM32_WPAN/interface/patterns/ble_thread/vcp/usbd_desc.c:185:10:USBD_VCP_InterfaceStrDescriptor	16	static
/home/lazar/Documents/STM32Cube_FW_WB_V1.19.0_DongleClient/Middlewares/ST/STM32_WPAN/interface/patterns/ble_thread/vcp/usbd_desc.c:196:13:Get_SerialNum	24	static
/home/lazar/Documents/STM32Cube_FW_WB_V1.19.0_DongleClient/Middlewares/ST/STM32_WPAN/interface/patterns/ble_thread/vcp/usbd_desc.c:220:13:IntToUnicode	32	static
