/home/lazar/Documents/STM32Cube_FW_WB_V1.19.0_DongleClient/Middlewares/ST/STM32_WPAN/interface/patterns/ble_thread/vcp/vcp.c:84:6:VCP_Init	16	static
/home/lazar/Documents/STM32Cube_FW_WB_V1.19.0_DongleClient/Middlewares/ST/STM32_WPAN/interface/patterns/ble_thread/vcp/vcp.c:112:6:VCP_SendData	40	static,ignoring_inline_asm
/home/lazar/Documents/STM32Cube_FW_WB_V1.19.0_DongleClient/Middlewares/ST/STM32_WPAN/interface/patterns/ble_thread/vcp/vcp.c:140:13:SendData	8	static
/home/lazar/Documents/STM32Cube_FW_WB_V1.19.0_DongleClient/Middlewares/ST/STM32_WPAN/interface/patterns/ble_thread/vcp/vcp.c:156:13:EnableTxPath	24	static,ignoring_inline_asm
/home/lazar/Documents/STM32Cube_FW_WB_V1.19.0_DongleClient/Middlewares/ST/STM32_WPAN/interface/patterns/ble_thread/vcp/vcp.c:182:15:Vcp_Itf_Init	8	static
/home/lazar/Documents/STM32Cube_FW_WB_V1.19.0_DongleClient/Middlewares/ST/STM32_WPAN/interface/patterns/ble_thread/vcp/vcp.c:204:15:Vcp_Itf_DeInit	4	static
/home/lazar/Documents/STM32Cube_FW_WB_V1.19.0_DongleClient/Middlewares/ST/STM32_WPAN/interface/patterns/ble_thread/vcp/vcp.c:217:15:Vcp_Itf_Control	16	static
/home/lazar/Documents/STM32Cube_FW_WB_V1.19.0_DongleClient/Middlewares/ST/STM32_WPAN/interface/patterns/ble_thread/vcp/vcp.c:283:15:Vcp_Itf_Receive	16	static
/home/lazar/Documents/STM32Cube_FW_WB_V1.19.0_DongleClient/Middlewares/ST/STM32_WPAN/interface/patterns/ble_thread/vcp/vcp.c:293:13:VCP_DataReceived	16	static
/home/lazar/Documents/STM32Cube_FW_WB_V1.19.0_DongleClient/Middlewares/ST/STM32_WPAN/interface/patterns/ble_thread/vcp/vcp.c:297:15:VCP_TransmitCplt	24	static
